Microchip MPLAB XC8 Compiler V1.45 ()

Linker command line:

-W-3 --edf=C:\Program Files (x86)\Microchip\xc8\v1.45\dat\en_msgs.txt -cs \
  -h+dist/default/production\sht30.X.production.sym \
  --cmf=dist/default/production\sht30.X.production.cmf -z -Q16F19196 \
  -oC:\Users\chaoliao\AppData\Local\Temp\s28s.2 \
  -Mdist/default/production/sht30.X.production.map -E1 -ver=XC8 \
  -ASTACK=02270h-027efh -pstack=STACK -ACODE=00h-07FFhx8 \
  -ASTRCODE=00h-03FFFh -ASTRING=00h-0FFhx64 -ACONST=00h-0FFhx64 \
  -AENTRY=00h-0FFhx64 -ACOMMON=070h-07Fh -ABANK0=020h-06Fh \
  -ABANK1=0A0h-0EFh -ABANK2=0120h-016Fh -ABANK3=01A0h-01EFh \
  -ABANK4=0220h-026Fh -ABANK5=02A0h-02EFh -ABANK6=0320h-036Fh \
  -ABANK7=03A0h-03EFh -ABANK8=0420h-046Fh -ABANK9=04A0h-04EFh \
  -ABANK10=0520h-056Fh -ABANK11=05A0h-05EFh -ABANK12=0620h-066Fh \
  -ABANK13=06A0h-06EFh -ABANK14=0720h-076Fh -ABANK15=07A0h-07EFh \
  -ABANK16=0820h-086Fh -ABANK17=08A0h-08EFh -ABANK18=0920h-096Fh \
  -ABANK19=09A0h-09EFh -ABANK20=0A20h-0A6Fh -ABANK21=0AA0h-0AEFh \
  -ABANK22=0B20h-0B6Fh -ABANK23=0BA0h-0BEFh -ABANK24=0C20h-0C6Fh \
  -ABANK25=0CA0h-0CBFh -ABIGRAM=02000h-027EFh \
  -ARAM=020h-06Fh,0A0h-0EFh,0120h-016Fh,01A0h-01EFh,0220h-026Fh,02A0h-02EFh,0320h-036Fh,03A0h-03EFh,0420h-046Fh,04A0h-04EFh,0520h-056Fh,05A0h-05EFh,0620h-066Fh,06A0h-06EFh,0720h-076Fh,07A0h-07EFh,0820h-086Fh,08A0h-08EFh,0920h-096Fh,09A0h-09EFh,0A20h-0A6Fh,0AA0h-0AEFh,0B20h-0B6Fh,0BA0h-0BEFh,0C20h-0C6Fh,0CA0h-0CBFh \
  -AABS1=020h-07Fh,0A0h-0EFh,0120h-016Fh,01A0h-01EFh,0220h-026Fh,02A0h-02EFh,0320h-036Fh,03A0h-03EFh,0420h-046Fh,04A0h-04EFh,0520h-056Fh,05A0h-05EFh,0620h-066Fh,06A0h-06EFh,0720h-076Fh,07A0h-07EFh,0820h-086Fh,08A0h-08EFh,0920h-096Fh,09A0h-09EFh,0A20h-0A6Fh,0AA0h-0AEFh,0B20h-0B6Fh,0BA0h-0BEFh,0C20h-0C6Fh,0CA0h-0CBFh \
  -ASFR0=00h-01Fh -ASFR1=080h-09Fh -ASFR2=0100h-011Fh -ASFR3=0180h-019Fh \
  -ASFR4=0200h-021Fh -ASFR5=0280h-029Fh -ASFR6=0300h-031Fh \
  -ASFR7=0380h-039Fh -ASFR8=0400h-041Fh -ASFR9=0480h-049Fh \
  -ASFR10=0500h-051Fh -ASFR11=0580h-059Fh -ASFR12=0600h-061Fh \
  -ASFR13=0680h-069Fh -ASFR14=0700h-071Fh -ASFR15=0780h-079Fh \
  -ASFR16=0800h-081Fh -ASFR17=0880h-089Fh -ASFR18=0900h-091Fh \
  -ASFR19=0980h-099Fh -ASFR20=0A00h-0A1Fh -ASFR21=0A80h-0A9Fh \
  -ASFR22=0B00h-0B1Fh -ASFR23=0B80h-0B9Fh -ASFR24=0C00h-0C1Fh \
  -ASFR25=0C80h-0C9Fh -ASFR26=0D00h-0D6Fh -ASFR27=0D80h-0DEFh \
  -ASFR28=0E00h-0E6Fh -ASFR29=0E80h-0EEFh -ASFR30=0F00h-0F6Fh \
  -ASFR31=0F80h-0FEFh -ASFR32=01000h-0106Fh -ASFR33=01080h-010EFh \
  -ASFR34=01100h-0116Fh -ASFR35=01180h-011EFh -ASFR36=01200h-0126Fh \
  -ASFR37=01280h-012EFh -ASFR38=01300h-0136Fh -ASFR39=01380h-013EFh \
  -ASFR40=01400h-0146Fh -ASFR41=01480h-014EFh -ASFR42=01500h-0156Fh \
  -ASFR43=01580h-015EFh -ASFR44=01600h-0166Fh -ASFR45=01680h-016EFh \
  -ASFR46=01700h-0176Fh -ASFR47=01780h-017EFh -ASFR48=01800h-0186Fh \
  -ASFR49=01880h-018EFh -ASFR50=01900h-0196Fh -ASFR51=01980h-019EFh \
  -ASFR52=01A00h-01A6Fh -ASFR53=01A80h-01AEFh -ASFR54=01B00h-01B6Fh \
  -ASFR55=01B80h-01BEFh -ASFR56=01C00h-01C6Fh -ASFR57=01C80h-01CEFh \
  -ASFR58=01D00h-01D6Fh -ASFR59=01D80h-01DEFh -ASFR60=01E00h-01E6Fh \
  -ASFR61=01E80h-01EEFh -ASFR62=01F00h-01F6Fh -ASFR63=01F80h-01FEFh \
  -preset_vec=00h,intentry=04h,init,end_init -ppowerup=CODE -pcinit=CODE \
  -pfunctab=ENTRY -ACONFIG=08007h-0800Bh -pconfig=CONFIG -DCONFIG=2 \
  -AIDLOC=08000h-08003h -pidloc=IDLOC -DIDLOC=2 -AEEDATA=00h-0FFh/0F000h \
  -peeprom_data=EEDATA -DEEDATA=2 -DCODE=2 -DSTRCODE=2 -DSTRING=2 -DCONST=2 \
  -DENTRY=2 -k C:\Users\chaoliao\AppData\Local\Temp\s28s.obj \
  dist/default/production\sht30.X.production.obj 

Object code version is 3.11

Machine type is 16F19196



                Name                               Link     Load   Length Selector   Space Scale
C:\Users\chaoliao\AppData\Local\Temp\s28s.obj
                end_init                             2B       2B        2        8       0
                reset_vec                             0        0        2        0       0
                config                             8007     8007        5    1000E       0
dist/default/production\sht30.X.production.obj
                cinit                                2D       2D       4A        8       0
                intentry                              4        4       27        8       0
                text95                             374E     374E       55     6E9C       0
                text94                             30EE     30EE       1F     61DC       0
                text93                             312C     312C       20     6258       0
                text92                             3EC1     3EC1        3     7D82       0
                text91                              DD3      DD3        1     1BA6       0
                text90                             3ECA     3ECA        4     7D94       0
                text89                             3310     3310       36     6620       0
                text88                             314C     314C       20     6298       0
                text87                              DD4      DD4        1     1BA8       0
                text86                             34B3     34B3       43     6966       0
                text84                             3003     3003       17     6006       0
                text83                             3EC4     3EC4        3     7D88       0
                text82                             310D     310D       1F     621A       0
                text81                             328E     328E       2A     651C       0
                text80                             3ED3     3ED3        6     7DA6       0
                text79                             316C     316C       20     62D8       0
                text78                             365B     365B       4E     6CB6       0
                text77                             2800     2800        E     4B74       0
                text76                             3FAF     3FAF       13     7F5E       0
                text75                             3266     3266       28     64CC       0
                text74                             321A     321A       26     6434       0
                text73                             3031     3031       1A     6062       0
                text72                             304B     304B       1A     6096       0
                text71                             32B8     32B8       2A     6570       0
                text70                             3240     3240       26     6480       0
                text69                             3F7B     3F7B       11     7EF6       0
                text68                             3FD6     3FD6       15     7FAC       0
                text67                             3474     3474       3F     68E8       0
                text66                             2871     2871       65     50E2       0
                text65                             2A4F     2A4F       A9     549E       0
                text64                             3FEB     3FEB       15     7FD6       0
                text63                             3380     3380       3C     6700       0
                text62                             3EED     3EED        9     7DDA       0
                text61                             2E12     2E12       F6     5C24       0
                text60                             32E2     32E2       2E     65C4       0
                text59                             29C8     29C8       87     5390       0
                text58                             36FB     36FB       53     6DF6       0
                text57                             34F6     34F6       43     69EC       0
                text56                             1002     1002       2A     2004       0
                text55                             2337     2337      11D     466E       0
                text54                             2BAC     2BAC       B6     5758       0
                text53                             36A9     36A9       52     6D52       0
                text52                             3539     3539       46     6A72       0
                text51                             2AF8     2AF8       B4     55F0       0
                text50                             309A     309A       1C     6134       0
                text49                             2454     2454      166     48A8       0
                text48                             3F5D     3F5D        F     7EBA       0
                text47                             3F3E     3F3E        A     7E7C       0
                text46                             3ECE     3ECE        5     7D9C       0
                text45                             25BA     25BA      246     4B74       0
                text44                             102C     102C      7D4     2058       0
                text43                             31AE     31AE       23     635C       0
                text42                              DE0      DE0      220     1BC0       0
                text41                             3EF6     3EF6        9     7DEC       0
                text40                             3EFF     3EFF        9     7DFE       0
                text39                             3F08     3F08        9     7E10       0
                text38                             31F5     31F5       25     63EA       0
                text37                             3F11     3F11        9     7E22       0
                text36                             3F1A     3F1A        9     7E34       0
                text35                             3F23     3F23        9     7E46       0
                text34                             3F2C     3F2C        9     7E58       0
                text33                             3F35     3F35        9     7E6A       0
                text32                             35C6     35C6       48     6B8C       0
                text31                             3F52     3F52        B     7EA4       0
                text30                             294D     294D       7B     529A       0
                text29                             3EE5     3EE5        8     7DCA       0
                text28                             2264     2264        9     44C8       0
                text27                             30B6     30B6       1C     616C       0
                text26                             3F9D     3F9D       12     7F3A       0
                text25                             280E     280E       63     501C       0
                text24                             2C62     2C62       C0     58C4       0
                text23                             357F     357F       47     6AFE       0
                text22                             3EC7     3EC7        3     7D8E       0
                text21                             307F     307F       1B     60FE       0
                text20                             33BC     33BC       3D     6778       0
                text19                             3FC2     3FC2       14     7F84       0
                text18                             360E     360E       4D     6C1C       0
                text17                             3F6C     3F6C        F     7ED8       0
                text16                             3346     3346       3A     668C       0
                text15                             301A     301A       17     6034       0
                text14                                2        2        2        0       0
                text13                             31D1     31D1       24     63A2       0
                text12                             37A3     37A3       5D     6F46       0
                text11                             3F8C     3F8C       11     7F18       0
                text10                             33F9     33F9       3D     67F2       0
                text9                              3436     3436       3E     686C       0
                text8                              28D6     28D6       77     51AC       0
                text7                              3065     3065       1A     60CA       0
                text6                              2F08     2F08       F8     5E10       0
                text5                              3000     3000        3     5E10       0
                text4                              226D     226D       CA     44DA       0
                text3                              318C     318C       22     6318       0
                text2                              3F48     3F48        A     7E90       0
                text1                              2D22     2D22       F0     5A44       0
                maintext                           30D2     30D2       1C     61A4       0
                cstackBANK0                          20       20       4B       20       1
                cstackCOMMON                         70       70        B       70       1
                cstackBANK1                          A0       A0       37       A0       1
                cstackBANK5                         2A0      2A0       17      2A0       1
                clrtext                            3ED9     3ED9        6     7DB2       0
                inittext                           3EDF     3EDF        6     7DBE       0
                bssBANK7                            3A0      3A0       40      3A0       1
                bssBANK6                            320      320       40      320       1
                bssBANK5                            2B7      2B7       14      2A0       1
                bssBANK4                            220      220       4B      220       1
                bssBANK3                            1A0      1A0       45      1A0       1
                dataBANK2                           15C      15C        B      120       1
                bssBANK2                            120      120       3C      120       1
                bssBANK1                             D7       D7        7       A0       1
                bssCOMMON                            7B       7B        3       70       1
                stringtext17                       38E1     38E1        2     7000       0
                stringtext16                       38DF     38DF        2     7000       0
                stringtext15                       38D9     38D9        6     7000       0
                stringtext14                       38D2     38D2        7     7000       0
                stringtext13                       38CB     38CB        7     7000       0
                stringtext12                       38C3     38C3        8     7000       0
                stringtext11                       38B7     38B7        C     7000       0
                stringtext10                       3899     3899       10     7000       0
                stringtext9                        3888     3888       11     7000       0
                stringtext8                        3876     3876       12     7000       0
                nvBANK4                             26B      26B        4      220       1
                nvBANK3                             1E5      1E5        A      1A0       1
                nvBANK2                             167      167        7      120       1
                nvBANK1                              DE       DE        3       A0       1
                stringtext7                        38A9     38A9        E     7000       0
                stringtext6                        384F     384F       27     7000       0
                stringtext5                        3828     3828       27     7000       0
                stringtext4                        3800     3800       28     7000       0
                stringtext3                        1DF0     1DF0      474     3000       0
                stringtext2                        1800     1800      5F0     3000       0
                stringtext1                          77       77      D5C       EE       0
                idataBANK2                          DD5      DD5        B     1BAA       0

TOTAL           Name                               Link     Load   Length     Space
        CLASS   STACK          

        CLASS   CODE           
                end_init                             2B       2B        2         0
                cinit                                2D       2D       4A         0
                intentry                              4        4       27         0
                reset_vec                             0        0        2         0
                text95                             374E     374E       55         0
                text94                             30EE     30EE       1F         0
                text93                             312C     312C       20         0
                text92                             3EC1     3EC1        3         0
                text91                              DD3      DD3        1         0
                text90                             3ECA     3ECA        4         0
                text89                             3310     3310       36         0
                text88                             314C     314C       20         0
                text87                              DD4      DD4        1         0
                text86                             34B3     34B3       43         0
                text84                             3003     3003       17         0
                text83                             3EC4     3EC4        3         0
                text82                             310D     310D       1F         0
                text81                             328E     328E       2A         0
                text80                             3ED3     3ED3        6         0
                text79                             316C     316C       20         0
                text78                             365B     365B       4E         0
                text77                             2800     2800        E         0
                text76                             3FAF     3FAF       13         0
                text75                             3266     3266       28         0
                text74                             321A     321A       26         0
                text73                             3031     3031       1A         0
                text72                             304B     304B       1A         0
                text71                             32B8     32B8       2A         0
                text70                             3240     3240       26         0
                text69                             3F7B     3F7B       11         0
                text68                             3FD6     3FD6       15         0
                text67                             3474     3474       3F         0
                text66                             2871     2871       65         0
                text65                             2A4F     2A4F       A9         0
                text64                             3FEB     3FEB       15         0
                text63                             3380     3380       3C         0
                text62                             3EED     3EED        9         0
                text61                             2E12     2E12       F6         0
                text60                             32E2     32E2       2E         0
                text59                             29C8     29C8       87         0
                text58                             36FB     36FB       53         0
                text57                             34F6     34F6       43         0
                text56                             1002     1002       2A         0
                text55                             2337     2337      11D         0
                text54                             2BAC     2BAC       B6         0
                text53                             36A9     36A9       52         0
                text52                             3539     3539       46         0
                text51                             2AF8     2AF8       B4         0
                text50                             309A     309A       1C         0
                text49                             2454     2454      166         0
                text48                             3F5D     3F5D        F         0
                text47                             3F3E     3F3E        A         0
                text46                             3ECE     3ECE        5         0
                text45                             25BA     25BA      246         0
                text44                             102C     102C      7D4         0
                text43                             31AE     31AE       23         0
                text42                              DE0      DE0      220         0
                text41                             3EF6     3EF6        9         0
                text40                             3EFF     3EFF        9         0
                text39                             3F08     3F08        9         0
                text38                             31F5     31F5       25         0
                text37                             3F11     3F11        9         0
                text36                             3F1A     3F1A        9         0
                text35                             3F23     3F23        9         0
                text34                             3F2C     3F2C        9         0
                text33                             3F35     3F35        9         0
                text32                             35C6     35C6       48         0
                text31                             3F52     3F52        B         0
                text30                             294D     294D       7B         0
                text29                             3EE5     3EE5        8         0
                text28                             2264     2264        9         0
                text27                             30B6     30B6       1C         0
                text26                             3F9D     3F9D       12         0
                text25                             280E     280E       63         0
                text24                             2C62     2C62       C0         0
                text23                             357F     357F       47         0
                text22                             3EC7     3EC7        3         0
                text21                             307F     307F       1B         0
                text20                             33BC     33BC       3D         0
                text19                             3FC2     3FC2       14         0
                text18                             360E     360E       4D         0
                text17                             3F6C     3F6C        F         0
                text16                             3346     3346       3A         0
                text15                             301A     301A       17         0
                text14                                2        2        2         0
                text13                             31D1     31D1       24         0
                text12                             37A3     37A3       5D         0
                text11                             3F8C     3F8C       11         0
                text10                             33F9     33F9       3D         0
                text9                              3436     3436       3E         0
                text8                              28D6     28D6       77         0
                text7                              3065     3065       1A         0
                text6                              2F08     2F08       F8         0
                text5                              3000     3000        3         0
                text4                              226D     226D       CA         0
                text3                              318C     318C       22         0
                text2                              3F48     3F48        A         0
                text1                              2D22     2D22       F0         0
                maintext                           30D2     30D2       1C         0
                clrtext                            3ED9     3ED9        6         0
                inittext                           3EDF     3EDF        6         0
                idataBANK2                          DD5      DD5        B         0

        CLASS   STRCODE        
                stringtext17                       38E1     38E1        2         0
                stringtext16                       38DF     38DF        2         0
                stringtext15                       38D9     38D9        6         0
                stringtext14                       38D2     38D2        7         0
                stringtext13                       38CB     38CB        7         0
                stringtext12                       38C3     38C3        8         0
                stringtext11                       38B7     38B7        C         0
                stringtext10                       3899     3899       10         0
                stringtext9                        3888     3888       11         0
                stringtext8                        3876     3876       12         0
                stringtext7                        38A9     38A9        E         0
                stringtext6                        384F     384F       27         0
                stringtext5                        3828     3828       27         0
                stringtext4                        3800     3800       28         0
                stringtext3                        1DF0     1DF0      474         0
                stringtext2                        1800     1800      5F0         0
                stringtext1                          77       77      D5C         0

        CLASS   STRING         

        CLASS   CONST          

        CLASS   ENTRY          

        CLASS   COMMON         
                cstackCOMMON                         70       70        B         1
                bssCOMMON                            7B       7B        3         1

        CLASS   BANK0          
                cstackBANK0                          20       20       4B         1

        CLASS   BANK1          
                cstackBANK1                          A0       A0       37         1
                bssBANK1                             D7       D7        7         1
                nvBANK1                              DE       DE        3         1

        CLASS   BANK2          
                dataBANK2                           15C      15C        B         1
                bssBANK2                            120      120       3C         1
                nvBANK2                             167      167        7         1

        CLASS   BANK3          
                bssBANK3                            1A0      1A0       45         1
                nvBANK3                             1E5      1E5        A         1

        CLASS   BANK4          
                bssBANK4                            220      220       4B         1
                nvBANK4                             26B      26B        4         1

        CLASS   BANK5          
                cstackBANK5                         2A0      2A0       17         1
                bssBANK5                            2B7      2B7       14         1

        CLASS   BANK6          
                bssBANK6                            320      320       40         1

        CLASS   BANK7          
                bssBANK7                            3A0      3A0       40         1

        CLASS   BANK8          

        CLASS   BANK9          

        CLASS   BANK10         

        CLASS   BANK11         

        CLASS   BANK12         

        CLASS   BANK13         

        CLASS   BANK14         

        CLASS   BANK15         

        CLASS   BANK16         

        CLASS   BANK17         

        CLASS   BANK18         

        CLASS   BANK19         

        CLASS   BANK20         

        CLASS   BANK21         

        CLASS   BANK22         

        CLASS   BANK23         

        CLASS   BANK24         

        CLASS   BANK25         

        CLASS   BIGRAM         

        CLASS   RAM            

        CLASS   ABS1           
                abs_s1                               7E       7E        2         1

        CLASS   SFR0           

        CLASS   SFR1           

        CLASS   SFR2           

        CLASS   SFR3           

        CLASS   SFR4           

        CLASS   SFR5           

        CLASS   SFR6           

        CLASS   SFR7           

        CLASS   SFR8           

        CLASS   SFR9           

        CLASS   SFR10          

        CLASS   SFR11          

        CLASS   SFR12          

        CLASS   SFR13          

        CLASS   SFR14          

        CLASS   SFR15          

        CLASS   SFR16          

        CLASS   SFR17          

        CLASS   SFR18          

        CLASS   SFR19          

        CLASS   SFR20          

        CLASS   SFR21          

        CLASS   SFR22          

        CLASS   SFR23          

        CLASS   SFR24          

        CLASS   SFR25          

        CLASS   SFR26          

        CLASS   SFR27          

        CLASS   SFR28          

        CLASS   SFR29          

        CLASS   SFR30          

        CLASS   SFR31          

        CLASS   SFR32          

        CLASS   SFR33          

        CLASS   SFR34          

        CLASS   SFR35          

        CLASS   SFR36          

        CLASS   SFR37          

        CLASS   SFR38          

        CLASS   SFR39          

        CLASS   SFR40          

        CLASS   SFR41          

        CLASS   SFR42          

        CLASS   SFR43          

        CLASS   SFR44          

        CLASS   SFR45          

        CLASS   SFR46          

        CLASS   SFR47          

        CLASS   SFR48          

        CLASS   SFR49          

        CLASS   SFR50          

        CLASS   SFR51          

        CLASS   SFR52          

        CLASS   SFR53          

        CLASS   SFR54          

        CLASS   SFR55          

        CLASS   SFR56          

        CLASS   SFR57          

        CLASS   SFR58          

        CLASS   SFR59          

        CLASS   SFR60          

        CLASS   SFR61          

        CLASS   SFR62          

        CLASS   SFR63          

        CLASS   CONFIG         
                config                             8007     8007        5         0

        CLASS   IDLOC          

        CLASS   EEDATA         

        CLASS   BANK63         

        CLASS   BANK62         

        CLASS   BANK61         

        CLASS   BANK60         

        CLASS   BANK59         

        CLASS   BANK58         

        CLASS   BANK57         

        CLASS   BANK56         

        CLASS   BANK55         

        CLASS   BANK54         

        CLASS   BANK53         

        CLASS   BANK52         

        CLASS   BANK51         

        CLASS   BANK50         

        CLASS   BANK49         

        CLASS   BANK48         

        CLASS   BANK47         

        CLASS   BANK46         

        CLASS   BANK45         

        CLASS   BANK44         

        CLASS   BANK43         

        CLASS   BANK42         

        CLASS   BANK41         

        CLASS   BANK40         

        CLASS   BANK39         

        CLASS   BANK38         

        CLASS   BANK37         

        CLASS   BANK36         

        CLASS   BANK35         

        CLASS   BANK34         

        CLASS   BANK33         

        CLASS   BANK32         

        CLASS   BANK31         

        CLASS   BANK30         

        CLASS   BANK29         

        CLASS   BANK28         

        CLASS   BANK27         

        CLASS   BANK26         



SEGMENTS        Name                           Load    Length   Top    Selector   Space  Class     Delta

                reset_vec                      000000  000004  000004         0       0  CODE        2
                intentry                       000004  000073  000077         8       0  CODE        2
                cstackBANK0                    000020  00004B  00006B        20       1  BANK0       1
                cstackCOMMON                   000070  00000E  00007E        70       1  COMMON      1
                cstackBANK1                    0000A0  000041  0000E1        A0       1  BANK1       1
                stringtext1                    000077  000D5C  000DD3        EE       0  STRCODE     2
                bssBANK2                       000120  00004E  00016E       120       1  BANK2       1
                bssBANK3                       0001A0  00004F  0001EF       1A0       1  BANK3       1
                bssBANK4                       000220  00004F  00026F       220       1  BANK4       1
                cstackBANK5                    0002A0  00002B  0002CB       2A0       1  BANK5       1
                bssBANK6                       000320  000040  000360       320       1  BANK6       1
                bssBANK7                       0003A0  000040  0003E0       3A0       1  BANK7       1
                text91                         000DD3  000001  000DD4      1BA6       0  CODE        2
                text87                         000DD4  000001  000DD5      1BA8       0  CODE        2
                idataBANK2                     000DD5  00000B  000DE0      1BAA       0  CODE        2
                text42                         000DE0  000220  001000      1BC0       0  CODE        2
                text56                         001002  00002A  00102C      2004       0  CODE        2
                text44                         00102C  0007D4  001800      2058       0  CODE        2
                stringtext2                    001800  000A64  002264      3000       0  STRCODE     2
                text28                         002264  000009  00226D      44C8       0  CODE        2
                text4                          00226D  0000CA  002337      44DA       0  CODE        2
                text55                         002337  00011D  002454      466E       0  CODE        2
                text49                         002454  000166  0025BA      48A8       0  CODE        2
                text45                         0025BA  000254  00280E      4B74       0  CODE        2
                text25                         00280E  000063  002871      501C       0  CODE        2
                text66                         002871  000065  0028D6      50E2       0  CODE        2
                text8                          0028D6  000077  00294D      51AC       0  CODE        2
                text30                         00294D  00007B  0029C8      529A       0  CODE        2
                text59                         0029C8  000087  002A4F      5390       0  CODE        2
                text65                         002A4F  0000A9  002AF8      549E       0  CODE        2
                text51                         002AF8  0000B4  002BAC      55F0       0  CODE        2
                text54                         002BAC  0000B6  002C62      5758       0  CODE        2
                text24                         002C62  0000C0  002D22      58C4       0  CODE        2
                text1                          002D22  0000F0  002E12      5A44       0  CODE        2
                text61                         002E12  0000F6  002F08      5C24       0  CODE        2
                text6                          002F08  0000FB  003003      5E10       0  CODE        2
                text84                         003003  000017  00301A      6006       0  CODE        2
                text15                         00301A  000017  003031      6034       0  CODE        2
                text73                         003031  00001A  00304B      6062       0  CODE        2
                text72                         00304B  00001A  003065      6096       0  CODE        2
                text7                          003065  00001A  00307F      60CA       0  CODE        2
                text21                         00307F  00001B  00309A      60FE       0  CODE        2
                text50                         00309A  00001C  0030B6      6134       0  CODE        2
                text27                         0030B6  00001C  0030D2      616C       0  CODE        2
                maintext                       0030D2  00001C  0030EE      61A4       0  CODE        2
                text94                         0030EE  00001F  00310D      61DC       0  CODE        2
                text82                         00310D  00001F  00312C      621A       0  CODE        2
                text93                         00312C  000020  00314C      6258       0  CODE        2
                text88                         00314C  000020  00316C      6298       0  CODE        2
                text79                         00316C  000020  00318C      62D8       0  CODE        2
                text3                          00318C  000022  0031AE      6318       0  CODE        2
                text43                         0031AE  000023  0031D1      635C       0  CODE        2
                text13                         0031D1  000024  0031F5      63A2       0  CODE        2
                text38                         0031F5  000025  00321A      63EA       0  CODE        2
                text74                         00321A  000026  003240      6434       0  CODE        2
                text70                         003240  000026  003266      6480       0  CODE        2
                text75                         003266  000028  00328E      64CC       0  CODE        2
                text81                         00328E  00002A  0032B8      651C       0  CODE        2
                text71                         0032B8  00002A  0032E2      6570       0  CODE        2
                text60                         0032E2  00002E  003310      65C4       0  CODE        2
                text89                         003310  000036  003346      6620       0  CODE        2
                text16                         003346  00003A  003380      668C       0  CODE        2
                text63                         003380  00003C  0033BC      6700       0  CODE        2
                text20                         0033BC  00003D  0033F9      6778       0  CODE        2
                text10                         0033F9  00003D  003436      67F2       0  CODE        2
                text9                          003436  00003E  003474      686C       0  CODE        2
                text67                         003474  00003F  0034B3      68E8       0  CODE        2
                text86                         0034B3  000043  0034F6      6966       0  CODE        2
                text57                         0034F6  000043  003539      69EC       0  CODE        2
                text52                         003539  000046  00357F      6A72       0  CODE        2
                text23                         00357F  000047  0035C6      6AFE       0  CODE        2
                text32                         0035C6  000048  00360E      6B8C       0  CODE        2
                text18                         00360E  00004D  00365B      6C1C       0  CODE        2
                text78                         00365B  00004E  0036A9      6CB6       0  CODE        2
                text53                         0036A9  000052  0036FB      6D52       0  CODE        2
                text58                         0036FB  000053  00374E      6DF6       0  CODE        2
                text95                         00374E  000055  0037A3      6E9C       0  CODE        2
                text12                         0037A3  00005D  003800      6F46       0  CODE        2
                stringtext4                    003800  0000E3  0038E3      7000       0  STRCODE     2
                text92                         003EC1  000003  003EC4      7D82       0  CODE        2
                text83                         003EC4  000003  003EC7      7D88       0  CODE        2
                text22                         003EC7  000003  003ECA      7D8E       0  CODE        2
                text90                         003ECA  000004  003ECE      7D94       0  CODE        2
                text46                         003ECE  000005  003ED3      7D9C       0  CODE        2
                text80                         003ED3  000006  003ED9      7DA6       0  CODE        2
                clrtext                        003ED9  000006  003EDF      7DB2       0  CODE        2
                inittext                       003EDF  000006  003EE5      7DBE       0  CODE        2
                text29                         003EE5  000008  003EED      7DCA       0  CODE        2
                text62                         003EED  000009  003EF6      7DDA       0  CODE        2
                text41                         003EF6  000009  003EFF      7DEC       0  CODE        2
                text40                         003EFF  000009  003F08      7DFE       0  CODE        2
                text39                         003F08  000009  003F11      7E10       0  CODE        2
                text37                         003F11  000009  003F1A      7E22       0  CODE        2
                text36                         003F1A  000009  003F23      7E34       0  CODE        2
                text35                         003F23  000009  003F2C      7E46       0  CODE        2
                text34                         003F2C  000009  003F35      7E58       0  CODE        2
                text33                         003F35  000009  003F3E      7E6A       0  CODE        2
                text47                         003F3E  00000A  003F48      7E7C       0  CODE        2
                text2                          003F48  00000A  003F52      7E90       0  CODE        2
                text31                         003F52  00000B  003F5D      7EA4       0  CODE        2
                text48                         003F5D  00000F  003F6C      7EBA       0  CODE        2
                text17                         003F6C  00000F  003F7B      7ED8       0  CODE        2
                text69                         003F7B  000011  003F8C      7EF6       0  CODE        2
                text11                         003F8C  000011  003F9D      7F18       0  CODE        2
                text26                         003F9D  000012  003FAF      7F3A       0  CODE        2
                text76                         003FAF  000013  003FC2      7F5E       0  CODE        2
                text19                         003FC2  000014  003FD6      7F84       0  CODE        2
                text68                         003FD6  000015  003FEB      7FAC       0  CODE        2
                text64                         003FEB  000015  004000      7FD6       0  CODE        2
                config                         008007  000005  00800C     1000E       0  CONFIG      2


UNUSED ADDRESS RANGES

        Name                Unused          Largest block    Delta
        BANK0            0006B-0006F               5           1
        BANK1            000E1-000EF               F           1
        BANK10           00520-0056F              50           1
        BANK11           005A0-005EF              50           1
        BANK12           00620-0066F              50           1
        BANK13           006A0-006EF              50           1
        BANK14           00720-0076F              50           1
        BANK15           007A0-007EF              50           1
        BANK16           00820-0086F              50           1
        BANK17           008A0-008EF              50           1
        BANK18           00920-0096F              50           1
        BANK19           009A0-009EF              50           1
        BANK2            0016E-0016F               2           1
        BANK20           00A20-00A6F              50           1
        BANK21           00AA0-00AEF              50           1
        BANK22           00B20-00B6F              50           1
        BANK23           00BA0-00BEF              50           1
        BANK24           00C20-00C6F              50           1
        BANK25           00CA0-00CBF              20           1
        BANK3            001EF-001EF               1           1
        BANK4            0026F-0026F               1           1
        BANK5            002CB-002EF              25           1
        BANK6            00360-0036F              10           1
        BANK7            003E0-003EF              10           1
        BANK8            00420-0046F              50           1
        BANK9            004A0-004EF              50           1
        BIGRAM           02000-027EF             7F0           1
        CODE             01000-01001               2           2
                         038E3-03EC0             5DE
        CONST            01000-01001               2           2
                         038E3-03EC0             100
        EEDATA           0F000-0F0FF             100           2
        ENTRY            01000-01001               2           2
                         038E3-03EC0             100
        IDLOC            08000-08003               4           2
        RAM              0006B-0006F               5           1
                         000E1-000EF               F
                         0016E-0016F               2
                         001EF-001EF               1
                         0026F-0026F               1
                         002CB-002EF              25
                         00360-0036F              10
                         003E0-003EF              10
                         00420-0046F              50
                         004A0-004EF              50
                         00520-0056F              50
                         005A0-005EF              50
                         00620-0066F              50
                         006A0-006EF              50
                         00720-0076F              50
                         007A0-007EF              50
                         00820-0086F              50
                         008A0-008EF              50
                         00920-0096F              50
                         009A0-009EF              50
                         00A20-00A6F              50
                         00AA0-00AEF              50
                         00B20-00B6F              50
                         00BA0-00BEF              50
                         00C20-00C6F              50
                         00CA0-00CBF              20
        SFR0             00000-0001F              20           1
        SFR1             00080-0009F              20           1
        SFR10            00500-0051F              20           1
        SFR11            00580-0059F              20           1
        SFR12            00600-0061F              20           1
        SFR13            00680-0069F              20           1
        SFR14            00700-0071F              20           1
        SFR15            00780-0079F              20           1
        SFR16            00800-0081F              20           1
        SFR17            00880-0089F              20           1
        SFR18            00900-0091F              20           1
        SFR19            00980-0099F              20           1
        SFR2             00100-0011F              20           1
        SFR20            00A00-00A1F              20           1
        SFR21            00A80-00A9F              20           1
        SFR22            00B00-00B1F              20           1
        SFR23            00B80-00B9F              20           1
        SFR24            00C00-00C1F              20           1
        SFR25            00C80-00C9F              20           1
        SFR26            00D00-00D6F              70           1
        SFR27            00D80-00DEF              70           1
        SFR28            00E00-00E6F              70           1
        SFR29            00E80-00EEF              70           1
        SFR3             00180-0019F              20           1
        SFR30            00F00-00F6F              70           1
        SFR31            00F80-00FEF              70           1
        SFR32            01000-0106F              70           1
        SFR33            01080-010EF              70           1
        SFR34            01100-0116F              70           1
        SFR35            01180-011EF              70           1
        SFR36            01200-0126F              70           1
        SFR37            01280-012EF              70           1
        SFR38            01300-0136F              70           1
        SFR39            01380-013EF              70           1
        SFR4             00200-0021F              20           1
        SFR40            01400-0146F              70           1
        SFR41            01480-014EF              70           1
        SFR42            01500-0156F              70           1
        SFR43            01580-015EF              70           1
        SFR44            01600-0166F              70           1
        SFR45            01680-016EF              70           1
        SFR46            01700-0176F              70           1
        SFR47            01780-017EF              70           1
        SFR48            01800-0186F              70           1
        SFR49            01880-018EF              70           1
        SFR5             00280-0029F              20           1
        SFR50            01900-0196F              70           1
        SFR51            01980-019EF              70           1
        SFR52            01A00-01A6F              70           1
        SFR53            01A80-01AEF              70           1
        SFR54            01B00-01B6F              70           1
        SFR55            01B80-01BEF              70           1
        SFR56            01C00-01C6F              70           1
        SFR57            01C80-01CEF              70           1
        SFR58            01D00-01D6F              70           1
        SFR59            01D80-01DEF              70           1
        SFR6             00300-0031F              20           1
        SFR60            01E00-01E6F              70           1
        SFR61            01E80-01EEF              70           1
        SFR62            01F00-01F6F              70           1
        SFR63            01F80-01FEF              70           1
        SFR7             00380-0039F              20           1
        SFR8             00400-0041F              20           1
        SFR9             00480-0049F              20           1
        STACK            02270-027EF             580           1
        STRCODE          01000-01001               2           2
                         038E3-03EC0             5DE
        STRING           01000-01001               2           2
                         038E3-03EC0             100

                                  Symbol Table

?___awdiv                                       cstackBANK0  0002C
?___awmod                                       cstackBANK0  00025
?___ftadd                                       cstackBANK0  0005B
?___ftdiv                                       cstackBANK0  0004B
?___ftmul                                       cstackBANK0  0003B
?___ftneg                                       cstackBANK0  00025
?___ftpack                                      cstackBANK0  00025
?___ftsub                                       cstackBANK1  000A0
?___fttol                                       cstackBANK0  00054
?___lldiv                                       cstackBANK0  00025
?___llmod                                       cstackBANK0  00025
?___lltoft                                      cstackBANK0  0002D
?___lwtoft                                      cstackBANK0  0002D
?___wmul                                        cstackBANK0  00035
?__div_to_l_                                    cstackBANK0  00025
?__doprnt                                       cstackBANK0  00068
?__tdiv_to_l_                                   cstackBANK0  00025
?_byte_to_int                                   cstackBANK0  00025
?_fround                                        cstackBANK0  0004B
?_mcu_get_dp_download_value                     cstackBANK0  00032
?_my_strlen                                     cstackBANK0  00025
?_printf                                        cstackBANK1  000C7
?_scale                                         cstackBANK0  0004B
?_set_wifi_uart_buffer                          cstackBANK0  00038
?_set_wifi_uart_byte                            cstackBANK0  00025
?_sprintf                                       cstackBANK1  000C7
EUSART1_SetErrorHandler@interruptHandler        cstackBANK0  00025
EUSART1_SetFramingErrorHandler@interruptHandler cstackBANK0  00025
EUSART1_SetOverrunErrorHandler@interruptHandler cstackBANK0  00025
EUSART1_Write@txData                            cstackBANK0  00025
EUSART2_SetErrorHandler@interruptHandler        cstackBANK0  00025
EUSART2_SetFramingErrorHandler@interruptHandler cstackBANK0  00025
EUSART2_SetOverrunErrorHandler@interruptHandler cstackBANK0  00025
EUSART2_SetRxInterruptHandler@interruptHandler  cstackBANK0  00025
EUSART2_SetTxInterruptHandler@interruptHandler  cstackBANK0  00025
EUSART2_Write@txData                            cstackBANK0  00026
IIC_RcvByte@BitCnt                              cstackBANK0  00026
IIC_RcvByte@retc                                cstackBANK0  00027
IIC_SendByte@BitCnt                             cstackBANK0  00027
IIC_SendByte@byte                               cstackBANK0  00026
IIC_wait_ACK@t                                  cstackBANK0  00026
SHT30_read_result@Humidity                      cstackBANK5  002B4
SHT30_read_result@Temperature                   cstackBANK5  002B1
SHT30_read_result@addr                          cstackBANK5  002A4
SHT30_read_result@buff                          cstackBANK5  002A5
SHT30_read_result@hum                           cstackBANK5  002A2
SHT30_read_result@tem                           cstackBANK5  002A0
TMR0_SetInterruptHandler@InterruptHandler       cstackBANK0  00025
_ACTCON                                         (abs)        00894
_ANSELA                                         (abs)        01F38
_ANSELB                                         (abs)        01F43
_ANSELC                                         (abs)        01F4E
_ANSELD                                         (abs)        01F59
_ANSELE                                         (abs)        01F64
_ANSELF                                         (abs)        01E50
_ANSELG                                         (abs)        01E5B
_BACK_COLOR                                     dataBANK2    00160
_BAUD1CON                                       (abs)        0011F
_BAUD2CON                                       (abs)        00A1F
_Charge_Flag                                    bssBANK2     00136
_Connect_Flag                                   bssBANK2     00138
_EUSART1_DefaultErrorHandler                    (abs)        00000
_EUSART1_DefaultFramingErrorHandler             (abs)        00000
_EUSART1_DefaultOverrunErrorHandler             (abs)        00000
_EUSART1_ErrorHandler                           nvBANK4      0026B
_EUSART1_FramingErrorHandler                    nvBANK3      001E5
_EUSART1_Initialize                             text38       031F5
_EUSART1_OverrunErrorHandler                    nvBANK4      0026D
_EUSART1_SetErrorHandler                        text41       03EF6
_EUSART1_SetFramingErrorHandler                 text40       03EFF
_EUSART1_SetOverrunErrorHandler                 text39       03F08
_EUSART1_Write                                  text47       03F3E
_EUSART2_DefaultErrorHandler                    text92       03EC1
_EUSART2_DefaultFramingErrorHandler             text91       00DD3
_EUSART2_DefaultOverrunErrorHandler             text90       03ECA
_EUSART2_ErrorHandler                           nvBANK3      001E7
_EUSART2_FramingErrorHandler                    nvBANK3      001EB
_EUSART2_Initialize                             text32       035C6
_EUSART2_OverrunErrorHandler                    nvBANK3      001E9
_EUSART2_Receive_ISR                            text89       03310
_EUSART2_RxDataHandler                          text93       0312C
_EUSART2_RxDefaultInterruptHandler              nvBANK3      001ED
_EUSART2_SetErrorHandler                        text37       03F11
_EUSART2_SetFramingErrorHandler                 text36       03F1A
_EUSART2_SetOverrunErrorHandler                 text35       03F23
_EUSART2_SetRxInterruptHandler                  text34       03F2C
_EUSART2_SetTxInterruptHandler                  text33       03F35
_EUSART2_Transmit_ISR                           text88       0314C
_EUSART2_TxDefaultInterruptHandler              nvBANK2      00169
_EUSART2_Write                                  text81       0328E
_IIC_ACK                                        text73       03031
_IIC_NACK                                       text72       0304B
_IIC_RcvByte                                    text71       032B8
_IIC_SendByte                                   text70       03240
_IIC_Start                                      text69       03F7B
_IIC_Stop                                       text68       03FD6
_IIC_wait_ACK                                   text67       03474
_INLVLA                                         (abs)        01F3C
_INLVLB                                         (abs)        01F47
_INLVLC                                         (abs)        01F52
_INLVLD                                         (abs)        01F5D
_INLVLE                                         (abs)        01F68
_INLVLF                                         (abs)        01E54
_INLVLG                                         (abs)        01E5F
_INLVLH                                         (abs)        01E6A
_INTCONbits                                     (abs)        0000B
_INTERRUPT_InterruptManager                     intentry     00004
_LATA                                           (abs)        00018
_LATB                                           (abs)        00019
_LATC                                           (abs)        0001A
_LATCbits                                       (abs)        0001A
_LATD                                           (abs)        0001B
_LATE                                           (abs)        0001C
_LATEbits                                       (abs)        0001C
_LATF                                           (abs)        0001D
_LATG                                           (abs)        00C90
_LATH                                           (abs)        00C91
_LATHbits                                       (abs)        00C91
_LED_Statue                                     text84       03003
_ODCONA                                         (abs)        01F3A
_ODCONB                                         (abs)        01F45
_ODCONC                                         (abs)        01F50
_ODCOND                                         (abs)        01F5B
_ODCONE                                         (abs)        01F66
_ODCONF                                         (abs)        01E52
_ODCONG                                         (abs)        01E5D
_ODCONH                                         (abs)        01E68
_OSCCON1                                        (abs)        0088D
_OSCCON3                                        (abs)        0088F
_OSCEN                                          (abs)        00891
_OSCFRQ                                         (abs)        00893
_OSCILLATOR_Initialize                          text31       03F52
_OSCSTAT                                        (abs)        00890
_OSCTUNE                                        (abs)        00892
_PIE0bits                                       (abs)        00716
_PIE3bits                                       (abs)        00719
_PIN_MANAGER_Initialize                         text30       0294D
_PIR0bits                                       (abs)        0070C
_PIR3bits                                       (abs)        0070F
_PMD0                                           (abs)        00796
_PMD1                                           (abs)        00797
_PMD2                                           (abs)        00798
_PMD3                                           (abs)        00799
_PMD4                                           (abs)        0079A
_PMD5                                           (abs)        0079B
_PMD_Initialize                                 text29       03EE5
_POINT_COLOR                                    bssBANK2     00131
_PORTCbits                                      (abs)        0000E
_PORTD                                          (abs)        0000F
_PORTF                                          (abs)        00011
_RC1REG                                         (abs)        00119
_RC1STA                                         (abs)        0011D
_RC1STAbits                                     (abs)        0011D
_RC2REG                                         (abs)        00A19
_RC2STA                                         (abs)        00A1D
_RC2STAbits                                     (abs)        00A1D
_RC7PPS                                         (abs)        01F27
_RG2PPS                                         (abs)        01E42
_RX2PPS                                         (abs)        01ECD
_Reset_WIFI_SSID                                text74       0321A
_SHT30_read_result                              text42       00DE0
_SLRCONA                                        (abs)        01F3B
_SLRCONB                                        (abs)        01F46
_SLRCONC                                        (abs)        01F51
_SLRCOND                                        (abs)        01F5C
_SLRCONE                                        (abs)        01F67
_SLRCONF                                        (abs)        01E53
_SLRCONG                                        (abs)        01E5E
_SLRCONH                                        (abs)        01E69
_SP1BRGH                                        (abs)        0011C
_SP1BRGL                                        (abs)        0011B
_SP2BRGH                                        (abs)        00A1C
_SP2BRGL                                        (abs)        00A1B
_SYSTEM_Initialize                              text26       03F9D
_Set_sample_Value                               dataBANK2    0015C
_T0CON0                                         (abs)        0059E
_T0CON0bits                                     (abs)        0059E
_T0CON1                                         (abs)        0059F
_TMR0H                                          (abs)        0059D
_TMR0L                                          (abs)        0059C
_TMR0_DefaultInterruptHandler                   text87       00DD4
_TMR0_ISR                                       text86       034B3
_TMR0_Initialize                                text27       030B6
_TMR0_InterruptHandler                          nvBANK2      00167
_TMR0_SetInterruptHandler                       text28       02264
_TRISA                                          (abs)        00012
_TRISB                                          (abs)        00013
_TRISC                                          (abs)        00014
_TRISCbits                                      (abs)        00014
_TRISD                                          (abs)        00015
_TRISE                                          (abs)        00016
_TRISF                                          (abs)        00017
_TRISG                                          (abs)        00C8E
_TRISH                                          (abs)        00C8F
_TX1REG                                         (abs)        0011A
_TX1STA                                         (abs)        0011E
_TX1STAbits                                     (abs)        0011E
_TX2REG                                         (abs)        00A1A
_TX2STA                                         (abs)        00A1E
_TX2STAbits                                     (abs)        00A1E
_WPUA                                           (abs)        01F39
_WPUB                                           (abs)        01F44
_WPUC                                           (abs)        01F4F
_WPUD                                           (abs)        01F5A
_WPUE                                           (abs)        01F65
_WPUF                                           (abs)        01E51
_WPUG                                           (abs)        01E5C
_WPUH                                           (abs)        01E67
__CFG_BBEN$OFF                                  (abs)        00000
__CFG_BBSIZE$512                                (abs)        00000
__CFG_BOREN$ON                                  (abs)        00000
__CFG_BORV$LO                                   (abs)        00000
__CFG_CLKOUTEN$OFF                              (abs)        00000
__CFG_CP$OFF                                    (abs)        00000
__CFG_CSWEN$ON                                  (abs)        00000
__CFG_FCMEN$ON                                  (abs)        00000
__CFG_FEXTOSC$OFF                               (abs)        00000
__CFG_LCDPEN$ON                                 (abs)        00000
__CFG_LPBOREN$OFF                               (abs)        00000
__CFG_LVP$OFF                                   (abs)        00000
__CFG_MCLRE$ON                                  (abs)        00000
__CFG_PPS1WAY$ON                                (abs)        00000
__CFG_PWRTE$OFF                                 (abs)        00000
__CFG_RSTOSC$HFINT1                             (abs)        00000
__CFG_SAFEN$OFF                                 (abs)        00000
__CFG_STVREN$ON                                 (abs)        00000
__CFG_VBATEN$OFF                                (abs)        00000
__CFG_WDTCCS$SC                                 (abs)        00000
__CFG_WDTCPS$WDTCPS_31                          (abs)        00000
__CFG_WDTCWS$WDTCWS_7                           (abs)        00000
__CFG_WDTE$OFF                                  (abs)        00000
__CFG_WRTAPP$OFF                                (abs)        00000
__CFG_WRTB$OFF                                  (abs)        00000
__CFG_WRTC$OFF                                  (abs)        00000
__CFG_WRTD$OFF                                  (abs)        00000
__CFG_WRTSAF$OFF                                (abs)        00000
__CFG_ZCD$OFF                                   (abs)        00000
__Habs1                                         abs1         00000
__Hbank0                                        bank0        00000
__Hbank1                                        bank1        00000
__Hbank10                                       bank10       00000
__Hbank11                                       bank11       00000
__Hbank12                                       bank12       00000
__Hbank13                                       bank13       00000
__Hbank14                                       bank14       00000
__Hbank15                                       bank15       00000
__Hbank16                                       bank16       00000
__Hbank17                                       bank17       00000
__Hbank18                                       bank18       00000
__Hbank19                                       bank19       00000
__Hbank2                                        bank2        00000
__Hbank20                                       bank20       00000
__Hbank21                                       bank21       00000
__Hbank22                                       bank22       00000
__Hbank23                                       bank23       00000
__Hbank24                                       bank24       00000
__Hbank25                                       bank25       00000
__Hbank26                                       bank26       00000
__Hbank27                                       bank27       00000
__Hbank28                                       bank28       00000
__Hbank29                                       bank29       00000
__Hbank3                                        bank3        00000
__Hbank30                                       bank30       00000
__Hbank31                                       bank31       00000
__Hbank32                                       bank32       00000
__Hbank33                                       bank33       00000
__Hbank34                                       bank34       00000
__Hbank35                                       bank35       00000
__Hbank36                                       bank36       00000
__Hbank37                                       bank37       00000
__Hbank38                                       bank38       00000
__Hbank39                                       bank39       00000
__Hbank4                                        bank4        00000
__Hbank40                                       bank40       00000
__Hbank41                                       bank41       00000
__Hbank42                                       bank42       00000
__Hbank43                                       bank43       00000
__Hbank44                                       bank44       00000
__Hbank45                                       bank45       00000
__Hbank46                                       bank46       00000
__Hbank47                                       bank47       00000
__Hbank48                                       bank48       00000
__Hbank49                                       bank49       00000
__Hbank5                                        bank5        00000
__Hbank50                                       bank50       00000
__Hbank51                                       bank51       00000
__Hbank52                                       bank52       00000
__Hbank53                                       bank53       00000
__Hbank54                                       bank54       00000
__Hbank55                                       bank55       00000
__Hbank56                                       bank56       00000
__Hbank57                                       bank57       00000
__Hbank58                                       bank58       00000
__Hbank59                                       bank59       00000
__Hbank6                                        bank6        00000
__Hbank60                                       bank60       00000
__Hbank61                                       bank61       00000
__Hbank62                                       bank62       00000
__Hbank63                                       bank63       00000
__Hbank7                                        bank7        00000
__Hbank8                                        bank8        00000
__Hbank9                                        bank9        00000
__Hbigram                                       bigram       00000
__HbssBANK1                                     bssBANK1     00000
__HbssBANK2                                     bssBANK2     00000
__HbssBANK3                                     bssBANK3     00000
__HbssBANK4                                     bssBANK4     00000
__HbssBANK5                                     bssBANK5     00000
__HbssBANK6                                     bssBANK6     00000
__HbssBANK7                                     bssBANK7     00000
__HbssCOMMON                                    bssCOMMON    00000
__Hcinit                                        cinit        00077
__Hclrtext                                      clrtext      00000
__Hcode                                         code         00000
__Hcommon                                       common       00000
__Hconfig                                       config       0800C
__HcstackBANK0                                  cstackBANK0  00000
__HcstackBANK1                                  cstackBANK1  00000
__HcstackBANK5                                  cstackBANK5  00000
__HcstackCOMMON                                 cstackCOMMON 00000
__HdataBANK2                                    dataBANK2    00000
__Heeprom_data                                  eeprom_data  00000
__Hend_init                                     end_init     0002D
__Hfunctab                                      functab      00000
__HidataBANK2                                   idataBANK2   00000
__Hidloc                                        idloc        00000
__Hinit                                         init         0002B
__Hinittext                                     inittext     00000
__Hintentry                                     intentry     0002B
__Hmaintext                                     maintext     00000
__HnvBANK1                                      nvBANK1      00000
__HnvBANK2                                      nvBANK2      00000
__HnvBANK3                                      nvBANK3      00000
__HnvBANK4                                      nvBANK4      00000
__Hpowerup                                      powerup      00000
__Hram                                          ram          00000
__Hreset_vec                                    reset_vec    00002
__Hsfr0                                         sfr0         00000
__Hsfr1                                         sfr1         00000
__Hsfr10                                        sfr10        00000
__Hsfr11                                        sfr11        00000
__Hsfr12                                        sfr12        00000
__Hsfr13                                        sfr13        00000
__Hsfr14                                        sfr14        00000
__Hsfr15                                        sfr15        00000
__Hsfr16                                        sfr16        00000
__Hsfr17                                        sfr17        00000
__Hsfr18                                        sfr18        00000
__Hsfr19                                        sfr19        00000
__Hsfr2                                         sfr2         00000
__Hsfr20                                        sfr20        00000
__Hsfr21                                        sfr21        00000
__Hsfr22                                        sfr22        00000
__Hsfr23                                        sfr23        00000
__Hsfr24                                        sfr24        00000
__Hsfr25                                        sfr25        00000
__Hsfr26                                        sfr26        00000
__Hsfr27                                        sfr27        00000
__Hsfr28                                        sfr28        00000
__Hsfr29                                        sfr29        00000
__Hsfr3                                         sfr3         00000
__Hsfr30                                        sfr30        00000
__Hsfr31                                        sfr31        00000
__Hsfr32                                        sfr32        00000
__Hsfr33                                        sfr33        00000
__Hsfr34                                        sfr34        00000
__Hsfr35                                        sfr35        00000
__Hsfr36                                        sfr36        00000
__Hsfr37                                        sfr37        00000
__Hsfr38                                        sfr38        00000
__Hsfr39                                        sfr39        00000
__Hsfr4                                         sfr4         00000
__Hsfr40                                        sfr40        00000
__Hsfr41                                        sfr41        00000
__Hsfr42                                        sfr42        00000
__Hsfr43                                        sfr43        00000
__Hsfr44                                        sfr44        00000
__Hsfr45                                        sfr45        00000
__Hsfr46                                        sfr46        00000
__Hsfr47                                        sfr47        00000
__Hsfr48                                        sfr48        00000
__Hsfr49                                        sfr49        00000
__Hsfr5                                         sfr5         00000
__Hsfr50                                        sfr50        00000
__Hsfr51                                        sfr51        00000
__Hsfr52                                        sfr52        00000
__Hsfr53                                        sfr53        00000
__Hsfr54                                        sfr54        00000
__Hsfr55                                        sfr55        00000
__Hsfr56                                        sfr56        00000
__Hsfr57                                        sfr57        00000
__Hsfr58                                        sfr58        00000
__Hsfr59                                        sfr59        00000
__Hsfr6                                         sfr6         00000
__Hsfr60                                        sfr60        00000
__Hsfr61                                        sfr61        00000
__Hsfr62                                        sfr62        00000
__Hsfr63                                        sfr63        00000
__Hsfr7                                         sfr7         00000
__Hsfr8                                         sfr8         00000
__Hsfr9                                         sfr9         00000
__Hspace_0                                      (abs)        0800C
__Hspace_1                                      (abs)        003E0
__Hspace_2                                      (abs)        00000
__Hspace_3                                      (abs)        00000
__Hstack                                        stack        00000
__Hstrings                                      strings      00000
__Hstringtext1                                  stringtext1  00000
__Hstringtext10                                 stringtext10 00000
__Hstringtext11                                 stringtext11 00000
__Hstringtext12                                 stringtext12 00000
__Hstringtext13                                 stringtext13 00000
__Hstringtext14                                 stringtext14 00000
[...]
      Locals:         0       0       0       0       0       0       0       0       0       0       0       0       0       0       0       0       0       0       0       0       0       0       0       0       0       0       0
      Temps:          0       0       0       0       0       0       0       0       0       0       0       0       0       0       0       0       0       0       0       0       0       0       0       0       0       0       0
      Totals:         0       0       0       0       0       0       0       0       0       0       0       0       0       0       0       0       0       0       0       0       0       0       0       0       0       0       0
Total ram usage:        0 bytes
 Hardware stack levels used:    1
 This function calls:
		Nothing
 This function is called by:
		_EUSART2_Initialize
		_EUSART2_Receive_ISR
 This function uses a non-reentrant model


 *************** function _EUSART2_DefaultFramingErrorHandler *****************
 Defined at:
		line 252 in file "mcc_generated_files/eusart2.c"
 Parameters:    Size  Location     Type
		None
 Auto vars:     Size  Location     Type
		None
 Return value:  Size  Location     Type
                  1    wreg      void 
 Registers used:
		None
 Tracked objects:
		On entry : 
		On exit  : 
		Unchanged: 
 Data sizes:     COMMON   BANK0   BANK1   BANK2   BANK3   BANK4   BANK5   BANK6   BANK7   BANK8   BANK9  BANK10  BANK11  BANK12  BANK13  BANK14  BANK15  BANK16  BANK17  BANK18  BANK19  BANK20  BANK21  BANK22  BANK23  BANK24  BANK25
      Params:         0       0       0       0       0       0       0       0       0       0       0       0       0       0       0       0       0       0       0       0       0       0       0       0       0       0       0
      Locals:         0       0       0       0       0       0       0       0       0       0       0       0       0       0       0       0       0       0       0       0       0       0       0       0       0       0       0
      Temps:          0       0       0       0       0       0       0       0       0       0       0       0       0       0       0       0       0       0       0       0       0       0       0       0       0       0       0
      Totals:         0       0       0       0       0       0       0       0       0       0       0       0       0       0       0       0       0       0       0       0       0       0       0       0       0       0       0
Total ram usage:        0 bytes
 Hardware stack levels used:    1
 This function calls:
		Nothing
 This function is called by:
		_EUSART2_Initialize
		_EUSART2_Receive_ISR
 This function uses a non-reentrant model


 *************** function _EUSART2_DefaultErrorHandler *****************
 Defined at:
		line 262 in file "mcc_generated_files/eusart2.c"
 Parameters:    Size  Location     Type
		None
 Auto vars:     Size  Location     Type
		None
 Return value:  Size  Location     Type
                  1    wreg      void 
 Registers used:
		wreg, fsr1l, fsr1h, status,2, status,0, pclath, cstack
 Tracked objects:
		On entry : 
		On exit  : 
		Unchanged: 
 Data sizes:     COMMON   BANK0   BANK1   BANK2   BANK3   BANK4   BANK5   BANK6   BANK7   BANK8   BANK9  BANK10  BANK11  BANK12  BANK13  BANK14  BANK15  BANK16  BANK17  BANK18  BANK19  BANK20  BANK21  BANK22  BANK23  BANK24  BANK25
      Params:         0       0       0       0       0       0       0       0       0       0       0       0       0       0       0       0       0       0       0       0       0       0       0       0       0       0       0
      Locals:         0       0       0       0       0       0       0       0       0       0       0       0       0       0       0       0       0       0       0       0       0       0       0       0       0       0       0
      Temps:          0       0       0       0       0       0       0       0       0       0       0       0       0       0       0       0       0       0       0       0       0       0       0       0       0       0       0
      Totals:         0       0       0       0       0       0       0       0       0       0       0       0       0       0       0       0       0       0       0       0       0       0       0       0       0       0       0
Total ram usage:        0 bytes
 Hardware stack levels used:    1
 Hardware stack levels required when called:    3
 This function calls:
		_EUSART2_RxDataHandler
 This function is called by:
		_EUSART2_Initialize
		_EUSART2_Receive_ISR
 This function uses a non-reentrant model


 *************** function _EUSART2_RxDataHandler *****************
 Defined at:
		line 241 in file "mcc_generated_files/eusart2.c"
 Parameters:    Size  Location     Type
		None
 Auto vars:     Size  Location     Type
		None
 Return value:  Size  Location     Type
                  1    wreg      void 
 Registers used:
		wreg, fsr1l, fsr1h, status,2, status,0, pclath, cstack
 Tracked objects:
		On entry : 
		On exit  : 
		Unchanged: 
 Data sizes:     COMMON   BANK0   BANK1   BANK2   BANK3   BANK4   BANK5   BANK6   BANK7   BANK8   BANK9  BANK10  BANK11  BANK12  BANK13  BANK14  BANK15  BANK16  BANK17  BANK18  BANK19  BANK20  BANK21  BANK22  BANK23  BANK24  BANK25
      Params:         0       0       0       0       0       0       0       0       0       0       0       0       0       0       0       0       0       0       0       0       0       0       0       0       0       0       0
      Locals:         0       0       0       0       0       0       0       0       0       0       0       0       0       0       0       0       0       0       0       0       0       0       0       0       0       0       0
      Temps:          0       1       0       0       0       0       0       0       0       0       0       0       0       0       0       0       0       0       0       0       0       0       0       0       0       0       0
      Totals:         0       1       0       0       0       0       0       0       0       0       0       0       0       0       0       0       0       0       0       0       0       0       0       0       0       0       0
Total ram usage:        1 bytes
 Hardware stack levels used:    1
 Hardware stack levels required when called:    2
 This function calls:
		_uart_receive_buff_input
 This function is called by:
		_EUSART2_Receive_ISR
		_EUSART2_DefaultErrorHandler
 This function uses a non-reentrant model


 *************** function _uart_receive_buff_input *****************
 Defined at:
		line 636 in file "Tuya_sdk/mcu_api.c"
 Parameters:    Size  Location     Type
  value           1    wreg     PTR unsigned char 
		 -> eusart2RxBuffer(64), 
  data_len        2    8[COMMON] unsigned short 
 Auto vars:     Size  Location     Type
  value           1    0[BANK0 ] PTR unsigned char 
		 -> eusart2RxBuffer(64), 
  i               2    1[BANK0 ] unsigned short 
 Return value:  Size  Location     Type
                  1    wreg      void 
 Registers used:
		wreg, fsr1l, fsr1h, status,2, status,0, pclath, cstack
 Tracked objects:
		On entry : 
		On exit  : 
		Unchanged: 
 Data sizes:     COMMON   BANK0   BANK1   BANK2   BANK3   BANK4   BANK5   BANK6   BANK7   BANK8   BANK9  BANK10  BANK11  BANK12  BANK13  BANK14  BANK15  BANK16  BANK17  BANK18  BANK19  BANK20  BANK21  BANK22  BANK23  BANK24  BANK25
      Params:         2       0       0       0       0       0       0       0       0       0       0       0       0       0       0       0       0       0       0       0       0       0       0       0       0       0       0
      Locals:         0       3       0       0       0       0       0       0       0       0       0       0       0       0       0       0       0       0       0       0       0       0       0       0       0       0       0
      Temps:          1       0       0       0       0       0       0       0       0       0       0       0       0       0       0       0       0       0       0       0       0       0       0       0       0       0       0
      Totals:         3       3       0       0       0       0       0       0       0       0       0       0       0       0       0       0       0       0       0       0       0       0       0       0       0       0       0
Total ram usage:        6 bytes
 Hardware stack levels used:    1
 Hardware stack levels required when called:    1
 This function calls:
		_uart_receive_input
 This function is called by:
		_EUSART2_RxDataHandler
 This function uses a non-reentrant model


 *************** function _uart_receive_input *****************
 Defined at:
		line 611 in file "Tuya_sdk/mcu_api.c"
 Parameters:    Size  Location     Type
  value           1    wreg     unsigned char 
 Auto vars:     Size  Location     Type
  value           1    7[COMMON] unsigned char 
 Return value:  Size  Location     Type
                  1    wreg      void 
 Registers used:
		wreg, fsr1l, fsr1h, status,2, status,0
 Tracked objects:
		On entry : 
		On exit  : 
		Unchanged: 
 Data sizes:     COMMON   BANK0   BANK1   BANK2   BANK3   BANK4   BANK5   BANK6   BANK7   BANK8   BANK9  BANK10  BANK11  BANK12  BANK13  BANK14  BANK15  BANK16  BANK17  BANK18  BANK19  BANK20  BANK21  BANK22  BANK23  BANK24  BANK25
      Params:         0       0       0       0       0       0       0       0       0       0       0       0       0       0       0       0       0       0       0       0       0       0       0       0       0       0       0
      Locals:         1       0       0       0       0       0       0       0       0       0       0       0       0       0       0       0       0       0       0       0       0       0       0       0       0       0       0
      Temps:          7       0       0       0       0       0       0       0       0       0       0       0       0       0       0       0       0       0       0       0       0       0       0       0       0       0       0
      Totals:         8       0       0       0       0       0       0       0       0       0       0       0       0       0       0       0       0       0       0       0       0       0       0       0       0       0       0
Total ram usage:        8 bytes
 Hardware stack levels used:    1
 This function calls:
		Nothing
 This function is called by:
		_uart_receive_buff_input
 This function uses a non-reentrant model



MODULE INFORMATION

Module		Function		Class		Link	Load	Size
C:\Program Files (x86)\Microchip\xc8\v1.45\sources\common\ftneg.c
		___ftneg       		CODE           	3EED	0000	10

C:\Program Files (x86)\Microchip\xc8\v1.45\sources\common\ftneg.c estimated size: 10

C:\Program Files (x86)\Microchip\xc8\v1.45\sources\common\ftsub.c
		___ftsub       		CODE           	32E2	0000	47

C:\Program Files (x86)\Microchip\xc8\v1.45\sources\common\ftsub.c estimated size: 47

C:\Program Files (x86)\Microchip\xc8\v1.45\sources\common\float.c
		___ftpack      		CODE           	2871	0000	102

C:\Program Files (x86)\Microchip\xc8\v1.45\sources\common\float.c estimated size: 102

mcc_generated_files/eusart2.c
		_EUSART2_SetOverrunErrorHandler		CODE           	3F23	0000	10
		_EUSART2_SetErrorHandler		CODE           	3F11	0000	10
		_EUSART2_Write 		CODE           	328E	0000	43
		_EUSART2_Receive_ISR		CODE           	3310	0000	55
		_EUSART2_RxDataHandler		CODE           	312C	0000	33
		_EUSART2_DefaultOverrunErrorHandler		CODE           	3ECA	0000	5
		_EUSART2_Transmit_ISR		CODE           	314C	0000	33
		_EUSART2_DefaultFramingErrorHandler		CODE           	0DD3	0000	2
		_EUSART2_SetRxInterruptHandler		CODE           	3F2C	0000	10
		_EUSART2_SetTxInterruptHandler		CODE           	3F35	0000	10
		_EUSART2_Initialize		CODE           	35C6	0000	73
		_EUSART2_DefaultErrorHandler		CODE           	3EC1	0000	4
		_EUSART2_SetFramingErrorHandler		CODE           	3F1A	0000	10

mcc_generated_files/eusart2.c estimated size: 298

C:\Program Files (x86)\Microchip\xc8\v1.45\sources\common\doprnt.c
		_scale         		CODE           	25BA	0000	583
		_fround        		CODE           	2454	0000	359
		__doprnt       		CODE           	102C	0000	2005

C:\Program Files (x86)\Microchip\xc8\v1.45\sources\common\doprnt.c estimated size: 2947

C:\Program Files (x86)\Microchip\xc8\v1.45\sources\common\lltoft.c
		___lltoft      		CODE           	1002	0000	43

C:\Program Files (x86)\Microchip\xc8\v1.45\sources\common\lltoft.c estimated size: 43

Tuya_sdk/mcu_api.c
		_mcu_get_reset_wifi_flag		CODE           	3EC4	0000	4
		_byte_to_int   		CODE           	360E	0000	78
		_wifi_protocol_init		CODE           	3FC2	0000	21
		_mcu_set_wifi_mode		CODE           	3266	0000	41
		_mcu_dp_bool_update		CODE           	280E	0000	100
		_mcu_get_wifi_work_state		CODE           	3EC7	0000	4
		_uart_receive_input		CODE           	374E	0000	86
		_my_memcpy     		CODE           	28D6	0000	120
		_my_strlen     		CODE           	3436	0000	63
		_mcu_reset_wifi		CODE           	2800	0000	15
		_wifi_uart_service		CODE           	2D22	0000	241
		_mcu_dp_value_update		CODE           	2C62	0000	193
		_mcu_get_dp_download_value		CODE           	3F6C	0000	16
		_uart_receive_buff_input		CODE           	30EE	0000	32

Tuya_sdk/mcu_api.c estimated size: 1014

mcc_generated_files/interrupt_manager.c
		_INTERRUPT_InterruptManager		CODE           	0004	0000	40

mcc_generated_files/interrupt_manager.c estimated size: 40

C:\Program Files (x86)\Microchip\xc8\v1.45\sources\common\Umul16.c
		___wmul        		CODE           	309A	0000	29

C:\Program Files (x86)\Microchip\xc8\v1.45\sources\common\Umul16.c estimated size: 29

mcc_generated_files/tmr0.c
		_TMR0_SetInterruptHandler		CODE           	2264	0000	10
		_TMR0_DefaultInterruptHandler		CODE           	0DD4	0000	2
		_TMR0_ISR      		CODE           	34B3	0000	68
		_TMR0_Initialize		CODE           	30B6	0000	29

mcc_generated_files/tmr0.c estimated size: 109

C:\Program Files (x86)\Microchip\xc8\v1.45\sources\common\ftge.c
		___ftge        		CODE           	3380	0000	61

C:\Program Files (x86)\Microchip\xc8\v1.45\sources\common\ftge.c estimated size: 61

mcc_generated_files/pin_manager.c
		_PIN_MANAGER_Initialize		CODE           	294D	0000	124

mcc_generated_files/pin_manager.c estimated size: 124

C:\Program Files (x86)\Microchip\xc8\v1.45\sources\common\isdigit.c
		_isdigit       		CODE           	3F5D	0000	16

C:\Program Files (x86)\Microchip\xc8\v1.45\sources\common\isdigit.c estimated size: 16

C:\Program Files (x86)\Microchip\xc8\v1.45\sources\common\ftdivl.c
		__tdiv_to_l_   		CODE           	2BAC	0000	183

C:\Program Files (x86)\Microchip\xc8\v1.45\sources\common\ftdivl.c estimated size: 183

C:\Program Files (x86)\Microchip\xc8\v1.45\sources\common\ftmul.c
		___ftmul       		CODE           	2AF8	0000	181

C:\Program Files (x86)\Microchip\xc8\v1.45\sources\common\ftmul.c estimated size: 181

C:\Program Files (x86)\Microchip\xc8\v1.45\sources\common\awmod.c
		___awmod       		CODE           	3539	0000	71

C:\Program Files (x86)\Microchip\xc8\v1.45\sources\common\awmod.c estimated size: 71

C:\Program Files (x86)\Microchip\xc8\v1.45\sources\common\ftdiv.c
		___ftdiv       		CODE           	2A4F	0000	170

C:\Program Files (x86)\Microchip\xc8\v1.45\sources\common\ftdiv.c estimated size: 170

sht30.c
		_IIC_Stop      		CODE           	3FD6	0000	22
		_IIC_SendByte  		CODE           	3240	0000	39
		_IIC_ACK       		CODE           	3031	0000	27
		_SHT30_read_result		CODE           	0DE0	0000	545
		_IIC_NACK      		CODE           	304B	0000	27
		_IIC_Start     		CODE           	3F7B	0000	18
		_IIC_wait_ACK  		CODE           	3474	0000	64
		_IIC_RcvByte   		CODE           	32B8	0000	43

sht30.c estimated size: 785

C:\Program Files (x86)\Microchip\xc8\v1.45\sources\common\llmod.c
		___llmod       		CODE           	34F6	0000	68

C:\Program Files (x86)\Microchip\xc8\v1.45\sources\common\llmod.c estimated size: 68

C:\Program Files (x86)\Microchip\xc8\v1.45\sources\common\fldivl.c
		__div_to_l_    		CODE           	2337	0000	286

C:\Program Files (x86)\Microchip\xc8\v1.45\sources\common\fldivl.c estimated size: 286

C:\Program Files (x86)\Microchip\xc8\v1.45\sources\common\sprintf.c
		_sprintf       		CODE           	31AE	0000	36

C:\Program Files (x86)\Microchip\xc8\v1.45\sources\common\sprintf.c estimated size: 36

C:\Program Files (x86)\Microchip\xc8\v1.45\sources\common\printf.c
		_printf        		CODE           	307F	0000	28

C:\Program Files (x86)\Microchip\xc8\v1.45\sources\common\printf.c estimated size: 28

shared
		__powers_      		STRCODE        	3828	0000	40
		_dpowers       		STRCODE        	3800	0000	41
		_asc2_2412     		STRCODE        	0077	0000	3421
		__npowers_     		STRCODE        	384F	0000	40
		_asc2_1608     		STRCODE        	1800	0000	1521
		__initialization		CODE           	002D	0000	71
		_download_cmd  		STRCODE        	38A9	0000	15
		_asc2_1206     		STRCODE        	1DF0	0000	1141

shared estimated size: 6290

mcc_generated_files/eusart1.c
		_EUSART1_Initialize		CODE           	31F5	0000	38
		_putch         		CODE           	3ECE	0000	6
		_EUSART1_SetFramingErrorHandler		CODE           	3EFF	0000	10
		_EUSART1_SetOverrunErrorHandler		CODE           	3F08	0000	10
		_EUSART1_SetErrorHandler		CODE           	3EF6	0000	10
		_EUSART1_Write 		CODE           	3F3E	0000	11

mcc_generated_files/eusart1.c estimated size: 85

mcc_generated_files/mcc.c
		_PMD_Initialize		CODE           	3EE5	0000	9
		_OSCILLATOR_Initialize		CODE           	3F52	0000	12
		_SYSTEM_Initialize		CODE           	3F9D	0000	19

mcc_generated_files/mcc.c estimated size: 40

C:\Program Files (x86)\Microchip\xc8\v1.45\sources\common\fttol.c
		___fttol       		CODE           	29C8	0000	136

C:\Program Files (x86)\Microchip\xc8\v1.45\sources\common\fttol.c estimated size: 136

Tuya_sdk/system.c
		_data_point_handle		CODE           	37A3	0000	94
		_product_info_update		CODE           	2F08	0000	249
		_take_byte_rxbuff		CODE           	318C	0000	35
		_with_data_rxbuff		CODE           	3F48	0000	11
		_data_handle   		CODE           	226D	0000	203
		_get_dowmload_dpid_index		CODE           	31D1	0000	37
		_heat_beat_check		CODE           	33F9	0000	62
		_wifi_uart_write_frame		CODE           	365B	0000	79
		_wifi_uart_write_data		CODE           	316C	0000	33
		_get_check_sum 		CODE           	310D	0000	32
		_set_wifi_uart_buffer		CODE           	3065	0000	27
		_get_mcu_wifi_mode		CODE           	3F8C	0000	18
		_set_wifi_uart_byte		CODE           	3FAF	0000	20

Tuya_sdk/system.c estimated size: 900

C:\Program Files (x86)\Microchip\xc8\v1.45\sources\common\awdiv.c
		___awdiv       		CODE           	36A9	0000	83

C:\Program Files (x86)\Microchip\xc8\v1.45\sources\common\awdiv.c estimated size: 83

C:\Program Files (x86)\Microchip\xc8\v1.45\sources\common\ftadd.c
		___ftadd       		CODE           	2E12	0000	247

C:\Program Files (x86)\Microchip\xc8\v1.45\sources\common\ftadd.c estimated size: 247

C:\Program Files (x86)\Microchip\xc8\v1.45\sources\common\lldiv.c
		___lldiv       		CODE           	36FB	0000	84

C:\Program Files (x86)\Microchip\xc8\v1.45\sources\common\lldiv.c estimated size: 84

main.c
		_main          		CODE           	30D2	0000	29
		_LED_Statue    		CODE           	3003	0000	24
		_task          		CODE           	33BC	0000	62
		_Reset_WIFI_SSID		CODE           	321A	0000	39

main.c estimated size: 154

C:\Program Files (x86)\Microchip\xc8\v1.45\sources\common\lwtoft.c
		___lwtoft      		CODE           	3FEB	0000	22

C:\Program Files (x86)\Microchip\xc8\v1.45\sources\common\lwtoft.c estimated size: 22

Tuya_sdk/protocol.c
		_all_data_update		CODE           	357F	0000	72
		_dp_download_handle		CODE           	301A	0000	24
		_uart_transmit_output		CODE           	3ED3	0000	7
		_dp_download_temp_sampling_handle		CODE           	3346	0000	59
		_get_download_cmd_total		CODE           	0002	0000	3
		_wifi_test_result		CODE           	3000	0000	4

Tuya_sdk/protocol.c estimated size: 169

